// Jest Snapshot v1, https://goo.gl/fbAQLP

exports[`App component renders App 1`] = `
<li
  className="ass"
>
  <a
    href="http"
    rel="noopener noreferrer"
    target="_blank"
  >
    todo
  </a>
</li>
`;
